// Jest Snapshot v1, https://goo.gl/fbAQLP

exports[`Error Alert Tests should render Library app error Component 1`] = `ShallowWrapper {}`;
