// Jest Snapshot v1, https://goo.gl/fbAQLP

exports[`Book component Tests should add book 1`] = `ReactWrapper {}`;

exports[`Book component Tests should render Book Component 1`] = `ShallowWrapper {}`;

exports[`Book component Tests should render ShowTable Component 1`] = `ReactWrapper {}`;
