// Jest Snapshot v1, https://goo.gl/fbAQLP

exports[`Home page Tests should render Home Component 1`] = `ShallowWrapper {}`;
